// Jest Snapshot v1, https://goo.gl/fbAQLP

exports[`VectorIcon renders correctly 1`] = `
<View
  style={
    Object {
      "alignItems": "center",
      "backgroundColor": "#F5FCFF",
      "flex": 1,
      "justifyContent": "center",
    }
  }
>
  <Text
    accessible={true}
    allowFontScaling={true}
    ellipsizeMode="tail"
    style={
      Object {
        "fontSize": 20,
        "margin": 10,
        "textAlign": "center",
      }
    }
  >
    Welcome to VectorIcon page
  </Text>
  <View
    style={
      Object {
        "alignItems": "center",
        "flexDirection": "row",
        "justifyContent": "center",
      }
    }
  >
    <Text
      accessible={true}
      allowFontScaling={false}
      ellipsizeMode="tail"
      style={
        Array [
          Object {
            "color": "#900",
            "fontSize": 30,
          },
          undefined,
          Object {
            "fontFamily": "Entypo",
            "fontStyle": "normal",
            "fontWeight": "normal",
          },
        ]
      }
    >
      
    </Text>
    <Text
      accessible={true}
      allowFontScaling={false}
      ellipsizeMode="tail"
      style={
        Array [
          Object {
            "color": "#900",
            "fontSize": 30,
          },
          undefined,
          Object {
            "fontFamily": "EvilIcons",
            "fontStyle": "normal",
            "fontWeight": "normal",
          },
        ]
      }
    >
      
    </Text>
    <Text
      accessible={true}
      allowFontScaling={false}
      ellipsizeMode="tail"
      style={
        Array [
          Object {
            "color": "#900",
            "fontSize": 30,
          },
          undefined,
          Object {
            "fontFamily": "Feather",
            "fontStyle": "normal",
            "fontWeight": "normal",
          },
        ]
      }
    >
      
    </Text>
    <Text
      accessible={true}
      allowFontScaling={false}
      ellipsizeMode="tail"
      style={
        Array [
          Object {
            "color": "#900",
            "fontSize": 30,
          },
          undefined,
          Object {
            "fontFamily": "FontAwesome",
            "fontStyle": "normal",
            "fontWeight": "normal",
          },
        ]
      }
    >
      
    </Text>
    <Text
      accessible={true}
      allowFontScaling={false}
      ellipsizeMode="tail"
      style={
        Array [
          Object {
            "color": "#900",
            "fontSize": 30,
          },
          undefined,
          Object {
            "fontFamily": "fontcustom",
            "fontStyle": "normal",
            "fontWeight": "normal",
          },
        ]
      }
    >
      
    </Text>
  </View>
  <View
    style={
      Object {
        "alignItems": "center",
        "flexDirection": "row",
        "justifyContent": "center",
      }
    }
  >
    <Text
      accessible={true}
      allowFontScaling={false}
      ellipsizeMode="tail"
      style={
        Array [
          Object {
            "color": "#900",
            "fontSize": 30,
          },
          undefined,
          Object {
            "fontFamily": "Ionicons",
            "fontStyle": "normal",
            "fontWeight": "normal",
          },
        ]
      }
    >
      
    </Text>
    <Text
      accessible={true}
      allowFontScaling={false}
      ellipsizeMode="tail"
      style={
        Array [
          Object {
            "color": "#900",
            "fontSize": 30,
          },
          undefined,
          Object {
            "fontFamily": "Material Design Icons",
            "fontStyle": "normal",
            "fontWeight": "normal",
          },
        ]
      }
    >
      
    </Text>
    <Text
      accessible={true}
      allowFontScaling={false}
      ellipsizeMode="tail"
      style={
        Array [
          Object {
            "color": "#900",
            "fontSize": 30,
          },
          undefined,
          Object {
            "fontFamily": "Material Icons",
            "fontStyle": "normal",
            "fontWeight": "normal",
          },
        ]
      }
    >
      
    </Text>
    <Text
      accessible={true}
      allowFontScaling={false}
      ellipsizeMode="tail"
      style={
        Array [
          Object {
            "color": "#900",
            "fontSize": 30,
          },
          undefined,
          Object {
            "fontFamily": "Octicons",
            "fontStyle": "normal",
            "fontWeight": "normal",
          },
        ]
      }
    >
      
    </Text>
    <Text
      accessible={true}
      allowFontScaling={false}
      ellipsizeMode="tail"
      style={
        Array [
          Object {
            "color": "#900",
            "fontSize": 30,
          },
          undefined,
          Object {
            "fontFamily": "simple-line-icons",
            "fontStyle": "normal",
            "fontWeight": "normal",
          },
        ]
      }
    >
      
    </Text>
    <Text
      accessible={true}
      allowFontScaling={false}
      ellipsizeMode="tail"
      style={
        Array [
          Object {
            "color": "#900",
            "fontSize": 30,
          },
          undefined,
          Object {
            "fontFamily": "zocial",
            "fontStyle": "normal",
            "fontWeight": "normal",
          },
        ]
      }
    >
      
    </Text>
  </View>
</View>
`;
